******************************************************************************
              TMS320C55x Linker PC v4.3.9                      
******************************************************************************
>> Linked Tue Oct 31 16:30:58 2017

OUTPUT FILE NAME:   <LED_Control.out>
ENTRY POINT SYMBOL: "_c_int00"  address: 000206b2


MEMORY CONFIGURATION

         name            origin    length      used     unused   attr    fill
                        (bytes)   (bytes)    (bytes)   (bytes)
----------------------  --------  ---------  --------  --------  ----  --------
PAGE 0:
  MMR                   00000000   000000c0  00000000  000000c0  RWIX
  DARAM0                000000c0   0000ff40  00003074  0000cecc  RWIX
  SARAM0                00010000   00010000  00000000  00010000  RWIX
  SARAM1                00020000   00020000  00000713  0001f8ed  RWIX
  SARAM2                00040000   0000fe00  00000032  0000fdce  RWIX
  VECS                  0004fe00   00000200  00000100  00000100  RWIX
  PDROM                 00ff8000   00008000  00000000  00008000  R IX

PAGE 2:
  IOPORT                00000000   00020000  00000000  00020000  RWI 


SECTION ALLOCATION MAP
(Addresses surrounded by []'s are displayed for convenience only!)

output                                                          attributes/
section   page  orgn(bytes) orgn(words) len(bytes) len(words)   input sections
--------  ----  ----------- ----------- ---------- ----------   --------------
.pinit       0   [ 00040000 ]  00020000          *   00000000   UNINITIALIZED

.stack       0   [ 000000c0 ]  00000060          *   00001000   UNINITIALIZED
                 [ 000000c0 ]  00000060          *   00001000   --HOLE--

.data        0   [ 000000c0 ]  00000060          *   00000000   UNINITIALIZED

.sysstack 
*            0   [ 000020c0 ]  00001060          *   00000800   UNINITIALIZED
                 [ 000020c0 ]  00001060          *   00000800   --HOLE--

.const       0   [ 000030c0 ]  00001860          *   00000031   
                 [ 000030c0 ]  00001860          *   00000031   main.obj (.const:_$P$T0$1)

.bss         0   [ 00003124 ]  00001892          *   00000009   UNINITIALIZED
                 [ 00003124 ]  00001892          *   00000004   rts55x.lib : _lock.obj (.bss)
                 [ 0000312c ]  00001896          *   00000004              : exit.obj (.bss)
                 [ 00003134 ]  0000189a          *   00000001   usbstk5515bsl.lib : usbstk5515_i2c.obj (.bss)

.text        0     00020000  [ 00010000 ] 00000713          *   
                   00020000  [ 00010000 ] 00000223          *   AIC_func.obj (.text)
                   00020223  [ 00010111+] 00000156          *   usbstk5515bsl.lib : usbstk5515_gpio.obj (.text)
                   00020379  [ 000101bc+] 0000013e          *                     : usbstk5515_i2c.obj (.text)
                   000204b7  [ 0001025b+] 0000006b          *   55xdspx_LARGE.lib : fir.obj (.text)
                   00020522  [ 00010291 ] 00000066          *   main.obj (.text)
                   00020588  [ 000102c4 ] 00000054          *   usbstk5515bsl.lib : usbstk5515.obj (.text)
                   000205dc  [ 000102ee ] 0000004d          *   rts55x.lib : autoinit.obj (.text)
                   00020629  [ 00010314+] 0000004b          *              : args_main.obj (.text)
                   00020674  [ 0001033a ] 0000003e          *              : exit.obj (.text)
                   000206b2  [ 00010359 ] 00000034          *              : boot.obj (.text)
                   000206e6  [ 00010373 ] 00000012          *              : _lock.obj (.text)
                   000206f8  [ 0001037c ] 00000011          *              : memset.obj (.text)
                   00020709  [ 00010384+] 00000007          *              : exit.obj (.text:CIO_breakpoint)
                   00020710  [ 00010388 ] 00000002          *              : vectors.obj (.text)
                   00020712  [ 00010389 ] 00000001          *   --HOLE-- [fill = 20]

.cinit       0   [ 00040000 ]  00020000          *   00000019   
                 [ 00040000 ]  00020000          *   0000000a   rts55x.lib : _lock.obj (.cinit)
                 [ 00040014 ]  0002000a          *   0000000a              : exit.obj (.cinit)
                 [ 00040028 ]  00020014          *   00000004   usbstk5515bsl.lib : usbstk5515_i2c.obj (.cinit)
                 [ 00040030 ]  00020018          *   00000001   --HOLE-- [fill = 0]

vectors      0     0004fe00  [ 00027f00 ] 00000100          *   
                   0004fe00  [ 00027f00 ] 00000100          *   rts55x.lib : vectors.obj (vectors)


GLOBAL SYMBOLS: SORTED ALPHABETICALLY BY Name 

abs. value/
byte addr   word addr   name
---------   ---------   ----
00000002                $TI_capability$C5500$CallingConvention
00000002                $TI_capability$C5500$MemoryModel
00000001                $TI_capability_requires_rev3
ffffffff                .bss
ffffffff                .data
ffffffff                .text
0002070a                C$$EXIT
00020000                _AIC3204_rset
00020022                _AIC_init
0002021c                _AIC_off
000201c4                _AIC_read2
000201f7                _AIC_write2
0004fe00                _Reset
00020321                _USBSTK5515_GPIO_getInput
00020223                _USBSTK5515_GPIO_init
00020227                _USBSTK5515_GPIO_setDirection
000202a4                _USBSTK5515_GPIO_setOutput
00020398                _USBSTK5515_I2C_close
00020379                _USBSTK5515_I2C_init
0002043e                _USBSTK5515_I2C_read
000203a1                _USBSTK5515_I2C_reset
000203af                _USBSTK5515_I2C_write
000205ce                _USBSTK5515_init
00020588                _USBSTK5515_wait
000205bc                _USBSTK5515_waitusec
            00001060    __STACK_END
00002000                __STACK_SIZE
00001000                __SYSSTACK_SIZE
ffffffff                ___binit__
ffffffff                ___bss__
ffffffff                ___c_args__
            00020000    ___cinit__
ffffffff                ___data__
ffffffff                ___edata__
ffffffff                ___end__
ffffffff                ___etext__
ffffffff                ___pinit__
ffffffff                ___text__
00020629                __args_main
            00001896    __cleanup_ptr
            00001898    __dtors_ptr
            00001892    __lock
000206f6                __nop
000206ee                __register_lock
000206e6                __register_unlock
            00000060    __stack
            00001060    __sysstack
            00001894    __unlock
00020709                _abort
000205dc                _auto_init
000206b2                _c_int00
00020674                _exit
000204b7                _fir
            0000189a    _i2c_timeout
00020522                _main
000206f8                _memset
ffffffff                binit
            00020000    cinit
ffffffff                edata
ffffffff                end
ffffffff                etext
ffffffff                pinit


GLOBAL SYMBOLS: SORTED BY Symbol Address 

abs. value/
byte addr   word addr   name
---------   ---------   ----
00000001                $TI_capability_requires_rev3
00000002                $TI_capability$C5500$CallingConvention
00000002                $TI_capability$C5500$MemoryModel
            00000060    __stack
00001000                __SYSSTACK_SIZE
00002000                __STACK_SIZE
            00001060    __STACK_END
            00001060    __sysstack
            00001892    __lock
            00001894    __unlock
            00001896    __cleanup_ptr
            00001898    __dtors_ptr
            0000189a    _i2c_timeout
00020000                _AIC3204_rset
00020022                _AIC_init
000201c4                _AIC_read2
000201f7                _AIC_write2
0002021c                _AIC_off
00020223                _USBSTK5515_GPIO_init
00020227                _USBSTK5515_GPIO_setDirection
000202a4                _USBSTK5515_GPIO_setOutput
00020321                _USBSTK5515_GPIO_getInput
00020379                _USBSTK5515_I2C_init
00020398                _USBSTK5515_I2C_close
000203a1                _USBSTK5515_I2C_reset
000203af                _USBSTK5515_I2C_write
0002043e                _USBSTK5515_I2C_read
000204b7                _fir
00020522                _main
00020588                _USBSTK5515_wait
000205bc                _USBSTK5515_waitusec
000205ce                _USBSTK5515_init
000205dc                _auto_init
00020629                __args_main
00020674                _exit
000206b2                _c_int00
000206e6                __register_unlock
000206ee                __register_lock
000206f6                __nop
000206f8                _memset
00020709                _abort
0002070a                C$$EXIT
            00020000    ___cinit__
            00020000    cinit
0004fe00                _Reset
ffffffff                .bss
ffffffff                .data
ffffffff                .text
ffffffff                ___binit__
ffffffff                ___bss__
ffffffff                ___c_args__
ffffffff                ___data__
ffffffff                ___edata__
ffffffff                ___end__
ffffffff                ___etext__
ffffffff                ___pinit__
ffffffff                ___text__
ffffffff                binit
ffffffff                edata
ffffffff                end
ffffffff                etext
ffffffff                pinit

[62 symbols]
